node.exe : C:\Users\AA6
\Desktop\Antigravity 
Notify\Antigravity Lead
er\backend\node_modules
\ts-node\src\index.ts:8
59
At line:1 char:1
+ & "C:\Program 
Files\nodejs/node.exe" 
"C:\Program 
Files\nodejs/node_mo 
...
+ ~~~~~~~~~~~~~~~~~~~~~
~~~~~~~~~~~~~~~~~~~~~~~
~~~~~~~~~~~~~~~~~~~~~~~
~~
    + CategoryInfo     
         : NotSpecifi  
  ed: (C:\Users\AA6\   
 De...rc\index.ts:8    
59:String) [], Rem    
oteException
    + FullyQualifiedEr 
   rorId : NativeComm  
  andError
 
    return new TSError(
diagnosticText, 
diagnosticCodes, 
diagnostics);
           ^
TSError: Γ¿» Unable to 
compile TypeScript:
scripts/scrapeToken.ts(
8,9): error TS2322: 
Type '"new"' is not 
assignable to type 
'boolean | "shell" | 
undefined'.
scripts/scrapeToken.ts(
13,9): error TS7034: 
Variable 'authToken' 
implicitly has type 
'any' in some 
locations where its 
type cannot be 
determined.
scripts/scrapeToken.ts(
14,9): error TS7034: 
Variable 'tenantId' 
implicitly has type 
'any' in some 
locations where its 
type cannot be 
determined.
scripts/scrapeToken.ts(
24,54): error TS7005: 
Variable 'authToken' 
implicitly has an 
'any' type.
scripts/scrapeToken.ts(
28,42): error TS7005: 
Variable 'tenantId' 
implicitly has an 
'any' type.

    at createTSError (C
:\Users\AA6\Desktop\Ant
igravity 
Notify\Antigravity Lead
er\backend\node_modules
\ts-node\src\index.ts:8
59:12)
    at reportTSError (C
:\Users\AA6\Desktop\Ant
igravity 
Notify\Antigravity Lead
er\backend\node_modules
\ts-node\src\index.ts:8
63:19)
    at getOutput (C:\Us
ers\AA6\Desktop\Antigra
vity 
Notify\Antigravity Lead
er\backend\node_modules
\ts-node\src\index.ts:1
077:36)
    at Object.compile (
C:\Users\AA6\Desktop\An
tigravity 
Notify\Antigravity Lead
er\backend\node_modules
\ts-node\src\index.ts:1
433:41)
    at 
Module.m._compile (C:\U
sers\AA6\Desktop\Antigr
avity 
Notify\Antigravity Lead
er\backend\node_modules
\ts-node\src\index.ts:1
617:30)
    at node:internal/mo
dules/cjs/loader:1936:1
0
    at Object.require.e
xtensions.<computed> 
[as .ts] (C:\Users\AA6\
Desktop\Antigravity 
Notify\Antigravity Lead
er\backend\node_modules
\ts-node\src\index.ts:1
621:12)
    at Module.load (nod
e:internal/modules/cjs/
loader:1525:32)
    at Module._load (no
de:internal/modules/cjs
/loader:1327:12)
    at TracingChannel.t
raceSync (node:diagnost
ics_channel:328:14) {
  diagnosticCodes: [ 
2322, 7034, 7034, 
7005, 7005 ]
}
